Welcome to Ubuntu 24.04.1 LTS (GNU/Linux 6.8.0-1018-aws x86_64)

 * Documentation:  https://help.ubuntu.com
 * Management:     https://landscape.canonical.com
 * Support:        https://ubuntu.com/pro

 System information as of Tue Jan  6 08:00:15 UTC 2026

  System load:  0.15              Processes:             105
  Usage of /:   24.6% of 6.71GB   Users logged in:       0
  Memory usage: 21%               IPv4 address for enX0: 10.0.1.103
  Swap usage:   0%

Expanded Security Maintenance for Applications is not enabled.

0 updates can be applied immediately.

Enable ESM Apps to receive additional future security updates.
See https://ubuntu.com/esm or run: sudo pro status


The list of available updates is more than a week old.
To check for new updates run: sudo apt update


The programs included with the Ubuntu system are free software;
the exact distribution terms for each program are described in the
individual files in /usr/share/doc/*/copyright.

Ubuntu comes with ABSOLUTELY NO WARRANTY, to the extent permitted by
applicable law.

To run a command as administrator (user "root"), use "sudo <command>".
See "man sudo_root" for details.

ubuntu@ip-10-0-1-103:~$ curl localhost
curl: (7) Failed to connect to localhost port 80 after 0 ms: Couldn't connect to server
ubuntu@ip-10-0-1-103:~$ sudo apt update
Hit:1 http://us-east-1.ec2.archive.ubuntu.com/ubuntu noble InRelease
Get:2 http://us-east-1.ec2.archive.ubuntu.com/ubuntu noble-updates InRelease [126 kB]
Get:3 http://us-east-1.ec2.archive.ubuntu.com/ubuntu noble-backports InRelease [126 kB]
Get:4 http://security.ubuntu.com/ubuntu noble-security InRelease [126 kB]      
Get:5 http://us-east-1.ec2.archive.ubuntu.com/ubuntu noble/universe amd64 Packages [15.0 MB]
Get:6 http://us-east-1.ec2.archive.ubuntu.com/ubuntu noble/universe Translation-en [5982 kB]
Get:7 http://us-east-1.ec2.archive.ubuntu.com/ubuntu noble/universe amd64 Components [3871 kB]
Get:8 http://security.ubuntu.com/ubuntu noble-security/main amd64 Packages [1391 kB]
Get:9 http://us-east-1.ec2.archive.ubuntu.com/ubuntu noble/universe amd64 c-n-f Metadata [301 kB]
Get:10 http://us-east-1.ec2.archive.ubuntu.com/ubuntu noble/multiverse amd64 Packages [269 kB]
Get:11 http://us-east-1.ec2.archive.ubuntu.com/ubuntu noble/multiverse Translation-en [118 kB]
Get:12 http://us-east-1.ec2.archive.ubuntu.com/ubuntu noble/multiverse amd64 Components [35.0 kB]
Get:13 http://us-east-1.ec2.archive.ubuntu.com/ubuntu noble/multiverse amd64 c-n-f Metadata [8328 B]
Get:14 http://us-east-1.ec2.archive.ubuntu.com/ubuntu noble-updates/main amd64 Packages [1684 kB]
Get:15 http://us-east-1.ec2.archive.ubuntu.com/ubuntu noble-updates/main Translation-en [311 kB]
Get:16 http://us-east-1.ec2.archive.ubuntu.com/ubuntu noble-updates/main amd64 Components [175 kB]
Get:17 http://us-east-1.ec2.archive.ubuntu.com/ubuntu noble-updates/main amd64 c-n-f Metadata [15.8 kB]
Get:18 http://us-east-1.ec2.archive.ubuntu.com/ubuntu noble-updates/universe amd64 Packages [1506 kB]
Get:19 http://us-east-1.ec2.archive.ubuntu.com/ubuntu noble-updates/universe Translation-en [306 kB]
Get:20 http://us-east-1.ec2.archive.ubuntu.com/ubuntu noble-updates/universe amd64 Components [377 kB]
Get:21 http://us-east-1.ec2.archive.ubuntu.com/ubuntu noble-updates/universe amd64 c-n-f Metadata [31.4 kB]
Get:22 http://us-east-1.ec2.archive.ubuntu.com/ubuntu noble-updates/restricted amd64 Packages [2413 kB]
Get:23 http://us-east-1.ec2.archive.ubuntu.com/ubuntu noble-updates/restricted Translation-en [550 kB]
Get:24 http://us-east-1.ec2.archive.ubuntu.com/ubuntu noble-updates/restricted amd64 Components [212 B]
Get:25 http://us-east-1.ec2.archive.ubuntu.com/ubuntu noble-updates/restricted amd64 c-n-f Metadata [516 B]
Get:26 http://us-east-1.ec2.archive.ubuntu.com/ubuntu noble-updates/multiverse amd64 Packages [30.3 kB]
Get:27 http://us-east-1.ec2.archive.ubuntu.com/ubuntu noble-updates/multiverse Translation-en [6048 B]
Get:28 http://us-east-1.ec2.archive.ubuntu.com/ubuntu noble-updates/multiverse amd64 Components [940 B]
Get:29 http://us-east-1.ec2.archive.ubuntu.com/ubuntu noble-updates/multiverse amd64 c-n-f Metadata [488 B]
Get:30 http://us-east-1.ec2.archive.ubuntu.com/ubuntu noble-backports/main amd64 Packages [40.4 kB]
Get:31 http://us-east-1.ec2.archive.ubuntu.com/ubuntu noble-backports/main Translation-en [9208 B]
Get:32 http://us-east-1.ec2.archive.ubuntu.com/ubuntu noble-backports/main amd64 Components [7312 B]
Get:33 http://us-east-1.ec2.archive.ubuntu.com/ubuntu noble-backports/main amd64 c-n-f Metadata [368 B]
Get:34 http://us-east-1.ec2.archive.ubuntu.com/ubuntu noble-backports/universe amd64 Packages [29.5 kB]
Get:35 http://us-east-1.ec2.archive.ubuntu.com/ubuntu noble-backports/universe Translation-en [17.9 kB]
Get:36 http://us-east-1.ec2.archive.ubuntu.com/ubuntu noble-backports/universe amd64 Components [10.5 kB]
Get:37 http://us-east-1.ec2.archive.ubuntu.com/ubuntu noble-backports/universe amd64 c-n-f Metadata [1444 B]
Get:38 http://us-east-1.ec2.archive.ubuntu.com/ubuntu noble-backports/restricted amd64 Components [216 B]
Get:39 http://us-east-1.ec2.archive.ubuntu.com/ubuntu noble-backports/restricted amd64 c-n-f Metadata [116 B]
Get:40 http://us-east-1.ec2.archive.ubuntu.com/ubuntu noble-backports/multiverse amd64 Components [212 B]
Get:41 http://us-east-1.ec2.archive.ubuntu.com/ubuntu noble-backports/multiverse amd64 c-n-f Metadata [116 B]
Get:42 http://security.ubuntu.com/ubuntu noble-security/main Translation-en [225 kB]
Get:43 http://security.ubuntu.com/ubuntu noble-security/main amd64 Components [21.5 kB]
Get:44 http://security.ubuntu.com/ubuntu noble-security/main amd64 c-n-f Metadata [9504 B]
Get:45 http://security.ubuntu.com/ubuntu noble-security/universe amd64 Packages [916 kB]
Get:46 http://security.ubuntu.com/ubuntu noble-security/universe Translation-en [207 kB]
Get:47 http://security.ubuntu.com/ubuntu noble-security/universe amd64 Components [71.5 kB]
Get:48 http://security.ubuntu.com/ubuntu noble-security/universe amd64 c-n-f Metadata [19.4 kB]
Get:49 http://security.ubuntu.com/ubuntu noble-security/restricted amd64 Packages [2286 kB]
Get:50 http://security.ubuntu.com/ubuntu noble-security/restricted Translation-en [523 kB]
Get:51 http://security.ubuntu.com/ubuntu noble-security/restricted amd64 Components [208 B]
Get:52 http://security.ubuntu.com/ubuntu noble-security/restricted amd64 c-n-f Metadata [500 B]
Get:53 http://security.ubuntu.com/ubuntu noble-security/multiverse amd64 Packages [27.4 kB]
Get:54 http://security.ubuntu.com/ubuntu noble-security/multiverse Translation-en [5956 B]
Get:55 http://security.ubuntu.com/ubuntu noble-security/multiverse amd64 Components [212 B]
Get:56 http://security.ubuntu.com/ubuntu noble-security/multiverse amd64 c-n-f Metadata [384 B]
Fetched 39.2 MB in 14s (2855 kB/s)                                             
Reading package lists... Done
Building dependency tree... Done
Reading state information... Done
249 packages can be upgraded. Run 'apt list --upgradable' to see them.
ubuntu@ip-10-0-1-103:~$ sudo apt install -y nginx
Reading package lists... Done
Building dependency tree... Done
Reading state information... Done
The following additional packages will be installed:
  nginx-common
Suggested packages:
  fcgiwrap nginx-doc ssl-cert
The following NEW packages will be installed:
  nginx nginx-common
0 upgraded, 2 newly installed, 0 to remove and 249 not upgraded.
Need to get 564 kB of archives.
After this operation, 1596 kB of additional disk space will be used.
Get:1 http://us-east-1.ec2.archive.ubuntu.com/ubuntu noble-updates/main amd64 nginx-common all 1.24.0-2ubuntu7.5 [43.4 kB]
Get:2 http://us-east-1.ec2.archive.ubuntu.com/ubuntu noble-updates/main amd64 nginx amd64 1.24.0-2ubuntu7.5 [520 kB]
Fetched 564 kB in 0s (17.6 MB/s)
Preconfiguring packages ...
Selecting previously unselected package nginx-common.
(Reading database ... 70601 files and directories currently installed.)
Preparing to unpack .../nginx-common_1.24.0-2ubuntu7.5_all.deb ...
Unpacking nginx-common (1.24.0-2ubuntu7.5) ...
Selecting previously unselected package nginx.
Preparing to unpack .../nginx_1.24.0-2ubuntu7.5_amd64.deb ...
Unpacking nginx (1.24.0-2ubuntu7.5) ...
Setting up nginx-common (1.24.0-2ubuntu7.5) ...
Created symlink /etc/systemd/system/multi-user.target.wants/nginx.service â†’ /usr
/lib/systemd/system/nginx.service.
Setting up nginx (1.24.0-2ubuntu7.5) ...
 * Upgrading binary nginx                                                [ OK ] 
Processing triggers for man-db (2.12.0-4build2) ...
Processing triggers for ufw (0.36.2-6) ...
Scanning processes...                                                           
Scanning linux images...                                                        

Running kernel seems to be up-to-date.

No services need to be restarted.

No containers need to be restarted.

No user sessions are running outdated binaries.

No VM guests are running outdated hypervisor (qemu) binaries on this host.
ubuntu@ip-10-0-1-103:~$ sudo systemctl enable nginx
Synchronizing state of nginx.service with SysV service script with /usr/lib/systemd/systemd-sysv-install.
Executing: /usr/lib/systemd/systemd-sysv-install enable nginx
ubuntu@ip-10-0-1-103:~$ sudo systemctl start nginx
ubuntu@ip-10-0-1-103:~$ curl localhost
<!DOCTYPE html>
<html>
<head>
<title>Welcome to nginx!</title>
<style>
html { color-scheme: light dark; }
body { width: 35em; margin: 0 auto;
font-family: Tahoma, Verdana, Arial, sans-serif; }
</style>
</head>
<body>
<h1>Welcome to nginx!</h1>
<p>If you see this page, the nginx web server is successfully installed and
working. Further configuration is required.</p>

<p>For online documentation and support please refer to
<a href="http://nginx.org/">nginx.org</a>.<br/>
Commercial support is available at
<a href="http://nginx.com/">nginx.com</a>.</p>

<p><em>Thank you for using nginx.</em></p>
</body>
</html>
ubuntu@ip-10-0-1-103:~$ 


